   Resolving package versions...
     Project No packages added to or removed from `~/.julia/dev/BeforeIT/Project.toml`
    Manifest No packages added to or removed from `~/.julia/dev/BeforeIT/Manifest.toml`
Precompiling packages...
Info Given BeforeIT was explicitly requested, output will be shown live [0K
[0KERROR: LoadError: MethodError: no method matching BeforeIT.TaxRates(::Float64, ::Float64)
[0KThe type `BeforeIT.TaxRates` exists, but no method is defined for this combination of argument types when trying to construct it.
[0K
[0KClosest candidates are:
[0K  BeforeIT.TaxRates(::Float64, ::Float64, !Matched::Float64, !Matched::Float64, !Matched::Float64, !Matched::Float64)
[0K   @ BeforeIT ~/.julia/dev/BeforeIT/src/resources/properties.jl:22
[0K  BeforeIT.TaxRates(::Any, ::Any, !Matched::Any, !Matched::Any, !Matched::Any, !Matched::Any)
[0K   @ BeforeIT ~/.julia/dev/BeforeIT/src/resources/properties.jl:22
[0K
[0KStacktrace:
[0K  [1] setup_firms!(world::Ark.World{Tuple{Ark._ComponentStorage{BeforeIT.ResidualItems, Vector{BeforeIT.ResidualItems}}, Ark._ComponentStorage{BeforeIT.LendingRate, Vector{BeforeIT.LendingRate}}, Ark._ComponentStorage{BeforeIT.Banker, Vector{BeforeIT.Banker}}, Ark._ComponentStorage{BeforeIT.Bank, Vector{BeforeIT.Bank}}, Ark._ComponentStorage{BeforeIT.NominalInterestRate, Vector{BeforeIT.NominalInterestRate}}, Ark._ComponentStorage{BeforeIT.GovernmentBondInterestRate, Vector{BeforeIT.GovernmentBondInterestRate}}, Ark._ComponentStorage{BeforeIT.GradualAdjustmentRate, Vector{BeforeIT.GradualAdjustmentRate}}, Ark._ComponentStorage{BeforeIT.EquilibriumInterestRate, Vector{BeforeIT.EquilibriumInterestRate}}, Ark._ComponentStorage{BeforeIT.InflationTargetingWeight, Vector{BeforeIT.InflationTargetingWeight}}, Ark._ComponentStorage{BeforeIT.EconomicWeight, Vector{BeforeIT.EconomicWeight}}, Ark._ComponentStorage{BeforeIT.CentralBank, Vector{BeforeIT.CentralBank}}, Ark._ComponentStorage{BeforeIT.PrincipalProduct, Vector{BeforeIT.PrincipalProduct}}, Ark._ComponentStorage{BeforeIT.LaborProductivity, Vector{BeforeIT.LaborProductivity}}, Ark._ComponentStorage{BeforeIT.IntermediateProductivity, Vector{BeforeIT.IntermediateProductivity}}, Ark._ComponentStorage{BeforeIT.CapitalProductivity, Vector{BeforeIT.CapitalProductivity}}, Ark._ComponentStorage{BeforeIT.FirmProperties, Vector{BeforeIT.FirmProperties}}, Ark._ComponentStorage{BeforeIT.CapitalDeprecationRate, Vector{BeforeIT.CapitalDeprecationRate}}, Ark._ComponentStorage{BeforeIT.OperatingMargins, Vector{BeforeIT.OperatingMargins}}, Ark._ComponentStorage{BeforeIT.WageBill, Vector{BeforeIT.WageBill}}, Ark._ComponentStorage{BeforeIT.AverageWageRate, Vector{BeforeIT.AverageWageRate}}, Ark._ComponentStorage{@world(BeforeIT.TaxRates, 38944:39228), Vector{@world(BeforeIT.TaxRates, 38944:39228)}}, Ark._ComponentStorage{BeforeIT.Price, Vector{BeforeIT.Price}}, Ark._ComponentStorage{BeforeIT.PriceIndex, Vector{BeforeIT.PriceIndex}}, Ark._ComponentStorage{BeforeIT.CFPriceIndex, Vector{BeforeIT.CFPriceIndex}}, Ark._ComponentStorage{BeforeIT.Employment, Vector{BeforeIT.Employment}}, Ark._ComponentStorage{BeforeIT.Vacancies, Vector{BeforeIT.Vacancies}}, Ark._ComponentStorage{BeforeIT.DesiredEmployment, Vector{BeforeIT.DesiredEmployment}}, Ark._ComponentStorage{BeforeIT.Output, Vector{BeforeIT.Output}}, Ark._ComponentStorage{BeforeIT.Sales, Vector{BeforeIT.Sales}}, Ark._ComponentStorage{BeforeIT.GoodsDemand, Vector{BeforeIT.GoodsDemand}}, Ark._ComponentStorage{BeforeIT.Inventories, Vector{BeforeIT.Inventories}}, Ark._ComponentStorage{BeforeIT.Intermediates, Vector{BeforeIT.Intermediates}}, Ark._ComponentStorage{BeforeIT.Investment, Vector{BeforeIT.Investment}}, Ark._ComponentStorage{BeforeIT.Equity, Vector{BeforeIT.Equity}}, Ark._ComponentStorage{BeforeIT.FinalGoodsStockChange, Vector{BeforeIT.FinalGoodsStockChange}}, Ark._ComponentStorage{BeforeIT.MaterialsStockChange, Vector{BeforeIT.MaterialsStockChange}}, Ark._ComponentStorage{BeforeIT.TargetLoans, Vector{BeforeIT.TargetLoans}}, Ark._ComponentStorage{BeforeIT.ExpectedCapital, Vector{BeforeIT.ExpectedCapital}}, Ark._ComponentStorage{BeforeIT.ExpectedLoans, Vector{BeforeIT.ExpectedLoans}}, Ark._ComponentStorage{BeforeIT.ExpectedSales, Vector{BeforeIT.ExpectedSales}}, Ark._ComponentStorage{BeforeIT.DesiredInvestment, Vector{BeforeIT.DesiredInvestment}}, Ark._ComponentStorage{BeforeIT.DesiredMaterials, Vector{BeforeIT.DesiredMaterials}}, Ark._ComponentStorage{BeforeIT.Owner, Vector{BeforeIT.Owner}}, Ark._ComponentStorage{BeforeIT.Capitalist, Vector{BeforeIT.Capitalist}}, Ark._ComponentStorage{BeforeIT.Firm, Vector{BeforeIT.Firm}}, Ark._ComponentStorage{BeforeIT.GovernmentRevenues, Vector{BeforeIT.GovernmentRevenues}}, Ark._ComponentStorage{BeforeIT.SocialBenefitsInactive, Vector{BeforeIT.SocialBenefitsInactive}}, Ark._ComponentStorage{BeforeIT.SocialBenefitsOther, Vector{BeforeIT.SocialBenefitsOther}}, Ark._ComponentStorage{BeforeIT.PriceInflationGovernmentGoods, Vector{BeforeIT.PriceInflationGovernmentGoods}}, Ark._ComponentStorage{BeforeIT.GovernmentDebt, Vector{BeforeIT.GovernmentDebt}}, Ark._ComponentStorage{BeforeIT.ConsumptionDemand, Vector{BeforeIT.ConsumptionDemand}}, Ark._ComponentStorage{BeforeIT.LocalGovernment, Vector{BeforeIT.LocalGovernment}}, Ark._ComponentStorage{BeforeIT.Government, Vector{BeforeIT.Government}}, Ark._ComponentStorage{BeforeIT.NetDisposableIncome, Vector{BeforeIT.NetDisposableIncome}}, Ark._ComponentStorage{BeforeIT.ExpectedIncome, Vector{BeforeIT.ExpectedIncome}}, Ark._ComponentStorage{BeforeIT.Deposits, Vector{BeforeIT.Deposits}}, Ark._ComponentStorage{BeforeIT.CapitalStock, Vector{BeforeIT.CapitalStock}}, Ark._ComponentStorage{BeforeIT.ConsumptionBudget, Vector{BeforeIT.ConsumptionBudget}}, Ark._ComponentStorage{BeforeIT.InvestmentBudget, Vector{BeforeIT.InvestmentBudget}}, Ark._ComponentStorage{BeforeIT.RealisedConsumption, Vector{BeforeIT.RealisedConsumption}}, Ark._ComponentStorage{BeforeIT.RealisedInvestment, Vector{BeforeIT.RealisedInvestment}}, Ark._ComponentStorage{BeforeIT.Household, Vector{BeforeIT.Household}}, Ark._ComponentStorage{BeforeIT.LoansOutstanding, Vector{BeforeIT.LoansOutstanding}}, Ark._ComponentStorage{BeforeIT.LoanFlow, Vector{BeforeIT.LoanFlow}}, Ark._ComponentStorage{BeforeIT.Profits, Vector{BeforeIT.Profits}}, Ark._ComponentStorage{BeforeIT.ExpectedProfits, Vector{BeforeIT.ExpectedProfits}}, Ark._ComponentStorage{BeforeIT.EuroAreaGDP, Vector{BeforeIT.EuroAreaGDP}}, Ark._ComponentStorage{BeforeIT.EuroAreaGrowth, Vector{BeforeIT.EuroAreaGrowth}}, Ark._ComponentStorage{BeforeIT.EuroAreaInflation, Vector{BeforeIT.EuroAreaInflation}}, Ark._ComponentStorage{BeforeIT.NetForeignPosition, Vector{BeforeIT.NetForeignPosition}}, Ark._ComponentStorage{BeforeIT.ImportSupply, Vector{BeforeIT.ImportSupply}}, Ark._ComponentStorage{BeforeIT.TotalExportDemand, Vector{BeforeIT.TotalExportDemand}}, Ark._ComponentStorage{BeforeIT.TotalImportSupply, Vector{BeforeIT.TotalImportSupply}}, Ark._ComponentStorage{BeforeIT.ExportDemand, Vector{BeforeIT.ExportDemand}}, Ark._ComponentStorage{BeforeIT.ImportSales, Vector{BeforeIT.ImportSales}}, Ark._ComponentStorage{BeforeIT.ImportDemand, Vector{BeforeIT.ImportDemand}}, Ark._ComponentStorage{BeforeIT.ImportPrice, Vector{BeforeIT.ImportPrice}}, Ark._ComponentStorage{BeforeIT.ExportPriceInflation, Vector{BeforeIT.ExportPriceInflation}}, Ark._ComponentStorage{BeforeIT.ForeignSector, Vector{BeforeIT.ForeignSector}}, Ark._ComponentStorage{BeforeIT.ForeignConsumptionDemand, Vector{BeforeIT.ForeignConsumptionDemand}}, Ark._ComponentStorage{BeforeIT.ForeignConsumption, Vector{BeforeIT.ForeignConsumption}}, Ark._ComponentStorage{BeforeIT.RestOfWorldEntity, Vector{BeforeIT.RestOfWorldEntity}}, Ark._ComponentStorage{BeforeIT.RestOfWorld, Vector{BeforeIT.RestOfWorld}}, Ark._ComponentStorage{BeforeIT.Employed, Vector{BeforeIT.Employed}}, Ark._ComponentStorage{BeforeIT.EmployedAt, Vector{BeforeIT.EmployedAt}}, Ark._ComponentStorage{BeforeIT.Inactive, Vector{BeforeIT.Inactive}}, Ark._ComponentStorage{BeforeIT.Unemployed, Vector{BeforeIT.Unemployed}}}, Tuple{Type{BeforeIT.ResidualItems}, Type{BeforeIT.LendingRate}, Type{BeforeIT.Banker}, Type{BeforeIT.Bank}, Type{BeforeIT.NominalInterestRate}, Type{BeforeIT.GovernmentBondInterestRate}, Type{BeforeIT.GradualAdjustmentRate}, Type{BeforeIT.EquilibriumInterestRate}, Type{BeforeIT.InflationTargetingWeight}, Type{BeforeIT.EconomicWeight}, Type{BeforeIT.CentralBank}, Type{BeforeIT.PrincipalProduct}, Type{BeforeIT.LaborProductivity}, Type{BeforeIT.IntermediateProductivity}, Type{BeforeIT.CapitalProductivity}, Type{BeforeIT.FirmProperties}, Type{BeforeIT.CapitalDeprecationRate}, Type{BeforeIT.OperatingMargins}, Type{BeforeIT.WageBill}, Type{BeforeIT.AverageWageRate}, Type{@world(BeforeIT.TaxRates, 38944:39228)}, Type{BeforeIT.Price}, Type{BeforeIT.PriceIndex}, Type{BeforeIT.CFPriceIndex}, Type{BeforeIT.Employment}, Type{BeforeIT.Vacancies}, Type{BeforeIT.DesiredEmployment}, Type{BeforeIT.Output}, Type{BeforeIT.Sales}, Type{BeforeIT.GoodsDemand}, Type{BeforeIT.Inventories}, Type{BeforeIT.Intermediates}, Type{BeforeIT.Investment}, Type{BeforeIT.Equity}, Type{BeforeIT.FinalGoodsStockChange}, Type{BeforeIT.MaterialsStockChange}, Type{BeforeIT.TargetLoans}, Type{BeforeIT.ExpectedCapital}, Type{BeforeIT.ExpectedLoans}, Type{BeforeIT.ExpectedSales}, Type{BeforeIT.DesiredInvestment}, Type{BeforeIT.DesiredMaterials}, Type{BeforeIT.Owner}, Type{BeforeIT.Capitalist}, Type{BeforeIT.Firm}, Type{BeforeIT.GovernmentRevenues}, Type{BeforeIT.SocialBenefitsInactive}, Type{BeforeIT.SocialBenefitsOther}, Type{BeforeIT.PriceInflationGovernmentGoods}, Type{BeforeIT.GovernmentDebt}, Type{BeforeIT.ConsumptionDemand}, Type{BeforeIT.LocalGovernment}, Type{BeforeIT.Government}, Type{BeforeIT.NetDisposableIncome}, Type{BeforeIT.ExpectedIncome}, Type{BeforeIT.Deposits}, Type{BeforeIT.CapitalStock}, Type{BeforeIT.ConsumptionBudget}, Type{BeforeIT.InvestmentBudget}, Type{BeforeIT.RealisedConsumption}, Type{BeforeIT.RealisedInvestment}, Type{BeforeIT.Household}, Type{BeforeIT.LoansOutstanding}, Type{BeforeIT.LoanFlow}, Type{BeforeIT.Profits}, Type{BeforeIT.ExpectedProfits}, Type{BeforeIT.EuroAreaGDP}, Type{BeforeIT.EuroAreaGrowth}, Type{BeforeIT.EuroAreaInflation}, Type{BeforeIT.NetForeignPosition}, Type{BeforeIT.ImportSupply}, Type{BeforeIT.TotalExportDemand}, Type{BeforeIT.TotalImportSupply}, Type{BeforeIT.ExportDemand}, Type{BeforeIT.ImportSales}, Type{BeforeIT.ImportDemand}, Type{BeforeIT.ImportPrice}, Type{BeforeIT.ExportPriceInflation}, Type{BeforeIT.ForeignSector}, Type{BeforeIT.ForeignConsumptionDemand}, Type{BeforeIT.ForeignConsumption}, Type{BeforeIT.RestOfWorldEntity}, Type{BeforeIT.RestOfWorld}, Type{BeforeIT.Employed}, Type{BeforeIT.EmployedAt}, Type{BeforeIT.Inactive}, Type{BeforeIT.Unemployed}}, NTuple{87, Ark.Storage{Vector}}, 87, 2}, properties::BeforeIT.Properties)
[0K    @ BeforeIT ~/.julia/dev/BeforeIT/src/model_init/firms.jl:80
[0K  [2] BeforeIT.ECSModel(properties::BeforeIT.Properties)
[0K    @ BeforeIT ~/.julia/dev/BeforeIT/src/model_init/init_model.jl:19
[0K  [3] ECSModel
[0K    @ ~/.julia/dev/BeforeIT/src/model_init/init_model.jl:9 [inlined]
[0K  [4] BeforeIT.ECSModel(parameters::Dict{String, Any}, init_conditions::BeforeIT.InitialConditions)
[0K    @ BeforeIT ~/.julia/dev/BeforeIT/src/model_init/init_model.jl:13
[0K  [5] macro expansion
[0K    @ ~/.julia/dev/BeforeIT/src/precompile.jl:7 [inlined]
[0K  [6] macro expansion
[0K    @ ~/.julia/packages/PrecompileTools/QUxvR/src/workloads.jl:70 [inlined]
[0K  [7] macro expansion
[0K    @ ~/.julia/dev/BeforeIT/src/precompile.jl:6 [inlined]
[0K  [8] macro expansion
[0K    @ ~/.julia/packages/PrecompileTools/QUxvR/src/workloads.jl:118 [inlined]
[0K  [9] top-level scope
[0K    @ ~/.julia/dev/BeforeIT/src/precompile.jl:115
[0K [10] include(mapexpr::Function, mod::Module, _path::String)
[0K    @ Base ./Base.jl:307
[0K [11] top-level scope
[0K    @ ~/.julia/dev/BeforeIT/src/BeforeIT.jl:71
[0K [12] include(mod::Module, _path::String)
[0K    @ Base ./Base.jl:306
[0K [13] include_package_for_output(pkg::Base.PkgId, input::String, depot_path::Vector{String}, dl_load_path::Vector{String}, load_path::Vector{String}, concrete_deps::Vector{Pair{Base.PkgId, UInt128}}, source::Nothing)
[0K    @ Base ./loading.jl:3028
[0K [14] top-level scope
[0K    @ stdin:5
[0K [15] eval(m::Module, e::Any)
[0K    @ Core ./boot.jl:489
[0K [16] include_string(mapexpr::typeof(identity), mod::Module, code::String, filename::String)
[0K    @ Base ./loading.jl:2874
[0K [17] include_string
[0K    @ ./loading.jl:2884 [inlined]
[0K [18] exec_options(opts::Base.JLOptions)
[0K    @ Base ./client.jl:315
[0K [19] _start()
[0K    @ Base ./client.jl:550
[0Kin expression starting at /home/bob/.julia/dev/BeforeIT/src/precompile.jl:3
[0Kin expression starting at /home/bob/.julia/dev/BeforeIT/src/BeforeIT.jl:1
[0Kin expression starting at stdin:5
              ✗ BeforeIT
              ✗ BeforeIT → BeforeITFormat
  0 dependencies successfully precompiled in 33 seconds. 279 already precompiled.

ERROR: LoadError: The following 2 direct dependencies failed to precompile:

BeforeIT 

Failed to precompile BeforeIT [ca9fcad7-41d0-4f76-b1e5-366c28bce52e] to "/home/bob/.julia/compiled/v1.12/BeforeIT/jl_NRqEJ4".
ERROR: LoadError: MethodError: no method matching BeforeIT.TaxRates(::Float64, ::Float64)
The type `BeforeIT.TaxRates` exists, but no method is defined for this combination of argument types when trying to construct it.

Closest candidates are:
  BeforeIT.TaxRates(::Float64, ::Float64, !Matched::Float64, !Matched::Float64, !Matched::Float64, !Matched::Float64)
   @ BeforeIT ~/.julia/dev/BeforeIT/src/resources/properties.jl:22
  BeforeIT.TaxRates(::Any, ::Any, !Matched::Any, !Matched::Any, !Matched::Any, !Matched::Any)
   @ BeforeIT ~/.julia/dev/BeforeIT/src/resources/properties.jl:22

Stacktrace:
  [1] setup_firms!(world::Ark.World{Tuple{Ark._ComponentStorage{BeforeIT.ResidualItems, Vector{BeforeIT.ResidualItems}}, Ark._ComponentStorage{BeforeIT.LendingRate, Vector{BeforeIT.LendingRate}}, Ark._ComponentStorage{BeforeIT.Banker, Vector{BeforeIT.Banker}}, Ark._ComponentStorage{BeforeIT.Bank, Vector{BeforeIT.Bank}}, Ark._ComponentStorage{BeforeIT.NominalInterestRate, Vector{BeforeIT.NominalInterestRate}}, Ark._ComponentStorage{BeforeIT.GovernmentBondInterestRate, Vector{BeforeIT.GovernmentBondInterestRate}}, Ark._ComponentStorage{BeforeIT.GradualAdjustmentRate, Vector{BeforeIT.GradualAdjustmentRate}}, Ark._ComponentStorage{BeforeIT.EquilibriumInterestRate, Vector{BeforeIT.EquilibriumInterestRate}}, Ark._ComponentStorage{BeforeIT.InflationTargetingWeight, Vector{BeforeIT.InflationTargetingWeight}}, Ark._ComponentStorage{BeforeIT.EconomicWeight, Vector{BeforeIT.EconomicWeight}}, Ark._ComponentStorage{BeforeIT.CentralBank, Vector{BeforeIT.CentralBank}}, Ark._ComponentStorage{BeforeIT.PrincipalProduct, Vector{BeforeIT.PrincipalProduct}}, Ark._ComponentStorage{BeforeIT.LaborProductivity, Vector{BeforeIT.LaborProductivity}}, Ark._ComponentStorage{BeforeIT.IntermediateProductivity, Vector{BeforeIT.IntermediateProductivity}}, Ark._ComponentStorage{BeforeIT.CapitalProductivity, Vector{BeforeIT.CapitalProductivity}}, Ark._ComponentStorage{BeforeIT.FirmProperties, Vector{BeforeIT.FirmProperties}}, Ark._ComponentStorage{BeforeIT.CapitalDeprecationRate, Vector{BeforeIT.CapitalDeprecationRate}}, Ark._ComponentStorage{BeforeIT.OperatingMargins, Vector{BeforeIT.OperatingMargins}}, Ark._ComponentStorage{BeforeIT.WageBill, Vector{BeforeIT.WageBill}}, Ark._ComponentStorage{BeforeIT.AverageWageRate, Vector{BeforeIT.AverageWageRate}}, Ark._ComponentStorage{@world(BeforeIT.TaxRates, 38944:39228), Vector{@world(BeforeIT.TaxRates, 38944:39228)}}, Ark._ComponentStorage{BeforeIT.Price, Vector{BeforeIT.Price}}, Ark._ComponentStorage{BeforeIT.PriceIndex, Vector{BeforeIT.PriceIndex}}, Ark._ComponentStorage{BeforeIT.CFPriceIndex, Vector{BeforeIT.CFPriceIndex}}, Ark._ComponentStorage{BeforeIT.Employment, Vector{BeforeIT.Employment}}, Ark._ComponentStorage{BeforeIT.Vacancies, Vector{BeforeIT.Vacancies}}, Ark._ComponentStorage{BeforeIT.DesiredEmployment, Vector{BeforeIT.DesiredEmployment}}, Ark._ComponentStorage{BeforeIT.Output, Vector{BeforeIT.Output}}, Ark._ComponentStorage{BeforeIT.Sales, Vector{BeforeIT.Sales}}, Ark._ComponentStorage{BeforeIT.GoodsDemand, Vector{BeforeIT.GoodsDemand}}, Ark._ComponentStorage{BeforeIT.Inventories, Vector{BeforeIT.Inventories}}, Ark._ComponentStorage{BeforeIT.Intermediates, Vector{BeforeIT.Intermediates}}, Ark._ComponentStorage{BeforeIT.Investment, Vector{BeforeIT.Investment}}, Ark._ComponentStorage{BeforeIT.Equity, Vector{BeforeIT.Equity}}, Ark._ComponentStorage{BeforeIT.FinalGoodsStockChange, Vector{BeforeIT.FinalGoodsStockChange}}, Ark._ComponentStorage{BeforeIT.MaterialsStockChange, Vector{BeforeIT.MaterialsStockChange}}, Ark._ComponentStorage{BeforeIT.TargetLoans, Vector{BeforeIT.TargetLoans}}, Ark._ComponentStorage{BeforeIT.ExpectedCapital, Vector{BeforeIT.ExpectedCapital}}, Ark._ComponentStorage{BeforeIT.ExpectedLoans, Vector{BeforeIT.ExpectedLoans}}, Ark._ComponentStorage{BeforeIT.ExpectedSales, Vector{BeforeIT.ExpectedSales}}, Ark._ComponentStorage{BeforeIT.DesiredInvestment, Vector{BeforeIT.DesiredInvestment}}, Ark._ComponentStorage{BeforeIT.DesiredMaterials, Vector{BeforeIT.DesiredMaterials}}, Ark._ComponentStorage{BeforeIT.Owner, Vector{BeforeIT.Owner}}, Ark._ComponentStorage{BeforeIT.Capitalist, Vector{BeforeIT.Capitalist}}, Ark._ComponentStorage{BeforeIT.Firm, Vector{BeforeIT.Firm}}, Ark._ComponentStorage{BeforeIT.GovernmentRevenues, Vector{BeforeIT.GovernmentRevenues}}, Ark._ComponentStorage{BeforeIT.SocialBenefitsInactive, Vector{BeforeIT.SocialBenefitsInactive}}, Ark._ComponentStorage{BeforeIT.SocialBenefitsOther, Vector{BeforeIT.SocialBenefitsOther}}, Ark._ComponentStorage{BeforeIT.PriceInflationGovernmentGoods, Vector{BeforeIT.PriceInflationGovernmentGoods}}, Ark._ComponentStorage{BeforeIT.GovernmentDebt, Vector{BeforeIT.GovernmentDebt}}, Ark._ComponentStorage{BeforeIT.ConsumptionDemand, Vector{BeforeIT.ConsumptionDemand}}, Ark._ComponentStorage{BeforeIT.LocalGovernment, Vector{BeforeIT.LocalGovernment}}, Ark._ComponentStorage{BeforeIT.Government, Vector{BeforeIT.Government}}, Ark._ComponentStorage{BeforeIT.NetDisposableIncome, Vector{BeforeIT.NetDisposableIncome}}, Ark._ComponentStorage{BeforeIT.ExpectedIncome, Vector{BeforeIT.ExpectedIncome}}, Ark._ComponentStorage{BeforeIT.Deposits, Vector{BeforeIT.Deposits}}, Ark._ComponentStorage{BeforeIT.CapitalStock, Vector{BeforeIT.CapitalStock}}, Ark._ComponentStorage{BeforeIT.ConsumptionBudget, Vector{BeforeIT.ConsumptionBudget}}, Ark._ComponentStorage{BeforeIT.InvestmentBudget, Vector{BeforeIT.InvestmentBudget}}, Ark._ComponentStorage{BeforeIT.RealisedConsumption, Vector{BeforeIT.RealisedConsumption}}, Ark._ComponentStorage{BeforeIT.RealisedInvestment, Vector{BeforeIT.RealisedInvestment}}, Ark._ComponentStorage{BeforeIT.Household, Vector{BeforeIT.Household}}, Ark._ComponentStorage{BeforeIT.LoansOutstanding, Vector{BeforeIT.LoansOutstanding}}, Ark._ComponentStorage{BeforeIT.LoanFlow, Vector{BeforeIT.LoanFlow}}, Ark._ComponentStorage{BeforeIT.Profits, Vector{BeforeIT.Profits}}, Ark._ComponentStorage{BeforeIT.ExpectedProfits, Vector{BeforeIT.ExpectedProfits}}, Ark._ComponentStorage{BeforeIT.EuroAreaGDP, Vector{BeforeIT.EuroAreaGDP}}, Ark._ComponentStorage{BeforeIT.EuroAreaGrowth, Vector{BeforeIT.EuroAreaGrowth}}, Ark._ComponentStorage{BeforeIT.EuroAreaInflation, Vector{BeforeIT.EuroAreaInflation}}, Ark._ComponentStorage{BeforeIT.NetForeignPosition, Vector{BeforeIT.NetForeignPosition}}, Ark._ComponentStorage{BeforeIT.ImportSupply, Vector{BeforeIT.ImportSupply}}, Ark._ComponentStorage{BeforeIT.TotalExportDemand, Vector{BeforeIT.TotalExportDemand}}, Ark._ComponentStorage{BeforeIT.TotalImportSupply, Vector{BeforeIT.TotalImportSupply}}, Ark._ComponentStorage{BeforeIT.ExportDemand, Vector{BeforeIT.ExportDemand}}, Ark._ComponentStorage{BeforeIT.ImportSales, Vector{BeforeIT.ImportSales}}, Ark._ComponentStorage{BeforeIT.ImportDemand, Vector{BeforeIT.ImportDemand}}, Ark._ComponentStorage{BeforeIT.ImportPrice, Vector{BeforeIT.ImportPrice}}, Ark._ComponentStorage{BeforeIT.ExportPriceInflation, Vector{BeforeIT.ExportPriceInflation}}, Ark._ComponentStorage{BeforeIT.ForeignSector, Vector{BeforeIT.ForeignSector}}, Ark._ComponentStorage{BeforeIT.ForeignConsumptionDemand, Vector{BeforeIT.ForeignConsumptionDemand}}, Ark._ComponentStorage{BeforeIT.ForeignConsumption, Vector{BeforeIT.ForeignConsumption}}, Ark._ComponentStorage{BeforeIT.RestOfWorldEntity, Vector{BeforeIT.RestOfWorldEntity}}, Ark._ComponentStorage{BeforeIT.RestOfWorld, Vector{BeforeIT.RestOfWorld}}, Ark._ComponentStorage{BeforeIT.Employed, Vector{BeforeIT.Employed}}, Ark._ComponentStorage{BeforeIT.EmployedAt, Vector{BeforeIT.EmployedAt}}, Ark._ComponentStorage{BeforeIT.Inactive, Vector{BeforeIT.Inactive}}, Ark._ComponentStorage{BeforeIT.Unemployed, Vector{BeforeIT.Unemployed}}}, Tuple{Type{BeforeIT.ResidualItems}, Type{BeforeIT.LendingRate}, Type{BeforeIT.Banker}, Type{BeforeIT.Bank}, Type{BeforeIT.NominalInterestRate}, Type{BeforeIT.GovernmentBondInterestRate}, Type{BeforeIT.GradualAdjustmentRate}, Type{BeforeIT.EquilibriumInterestRate}, Type{BeforeIT.InflationTargetingWeight}, Type{BeforeIT.EconomicWeight}, Type{BeforeIT.CentralBank}, Type{BeforeIT.PrincipalProduct}, Type{BeforeIT.LaborProductivity}, Type{BeforeIT.IntermediateProductivity}, Type{BeforeIT.CapitalProductivity}, Type{BeforeIT.FirmProperties}, Type{BeforeIT.CapitalDeprecationRate}, Type{BeforeIT.OperatingMargins}, Type{BeforeIT.WageBill}, Type{BeforeIT.AverageWageRate}, Type{@world(BeforeIT.TaxRates, 38944:39228)}, Type{BeforeIT.Price}, Type{BeforeIT.PriceIndex}, Type{BeforeIT.CFPriceIndex}, Type{BeforeIT.Employment}, Type{BeforeIT.Vacancies}, Type{BeforeIT.DesiredEmployment}, Type{BeforeIT.Output}, Type{BeforeIT.Sales}, Type{BeforeIT.GoodsDemand}, Type{BeforeIT.Inventories}, Type{BeforeIT.Intermediates}, Type{BeforeIT.Investment}, Type{BeforeIT.Equity}, Type{BeforeIT.FinalGoodsStockChange}, Type{BeforeIT.MaterialsStockChange}, Type{BeforeIT.TargetLoans}, Type{BeforeIT.ExpectedCapital}, Type{BeforeIT.ExpectedLoans}, Type{BeforeIT.ExpectedSales}, Type{BeforeIT.DesiredInvestment}, Type{BeforeIT.DesiredMaterials}, Type{BeforeIT.Owner}, Type{BeforeIT.Capitalist}, Type{BeforeIT.Firm}, Type{BeforeIT.GovernmentRevenues}, Type{BeforeIT.SocialBenefitsInactive}, Type{BeforeIT.SocialBenefitsOther}, Type{BeforeIT.PriceInflationGovernmentGoods}, Type{BeforeIT.GovernmentDebt}, Type{BeforeIT.ConsumptionDemand}, Type{BeforeIT.LocalGovernment}, Type{BeforeIT.Government}, Type{BeforeIT.NetDisposableIncome}, Type{BeforeIT.ExpectedIncome}, Type{BeforeIT.Deposits}, Type{BeforeIT.CapitalStock}, Type{BeforeIT.ConsumptionBudget}, Type{BeforeIT.InvestmentBudget}, Type{BeforeIT.RealisedConsumption}, Type{BeforeIT.RealisedInvestment}, Type{BeforeIT.Household}, Type{BeforeIT.LoansOutstanding}, Type{BeforeIT.LoanFlow}, Type{BeforeIT.Profits}, Type{BeforeIT.ExpectedProfits}, Type{BeforeIT.EuroAreaGDP}, Type{BeforeIT.EuroAreaGrowth}, Type{BeforeIT.EuroAreaInflation}, Type{BeforeIT.NetForeignPosition}, Type{BeforeIT.ImportSupply}, Type{BeforeIT.TotalExportDemand}, Type{BeforeIT.TotalImportSupply}, Type{BeforeIT.ExportDemand}, Type{BeforeIT.ImportSales}, Type{BeforeIT.ImportDemand}, Type{BeforeIT.ImportPrice}, Type{BeforeIT.ExportPriceInflation}, Type{BeforeIT.ForeignSector}, Type{BeforeIT.ForeignConsumptionDemand}, Type{BeforeIT.ForeignConsumption}, Type{BeforeIT.RestOfWorldEntity}, Type{BeforeIT.RestOfWorld}, Type{BeforeIT.Employed}, Type{BeforeIT.EmployedAt}, Type{BeforeIT.Inactive}, Type{BeforeIT.Unemployed}}, NTuple{87, Ark.Storage{Vector}}, 87, 2}, properties::BeforeIT.Properties)
    @ BeforeIT ~/.julia/dev/BeforeIT/src/model_init/firms.jl:80
  [2] BeforeIT.ECSModel(properties::BeforeIT.Properties)
    @ BeforeIT ~/.julia/dev/BeforeIT/src/model_init/init_model.jl:19
  [3] ECSModel
    @ ~/.julia/dev/BeforeIT/src/model_init/init_model.jl:9 [inlined]
  [4] BeforeIT.ECSModel(parameters::Dict{String, Any}, init_conditions::BeforeIT.InitialConditions)
    @ BeforeIT ~/.julia/dev/BeforeIT/src/model_init/init_model.jl:13
  [5] macro expansion
    @ ~/.julia/dev/BeforeIT/src/precompile.jl:7 [inlined]
  [6] macro expansion
    @ ~/.julia/packages/PrecompileTools/QUxvR/src/workloads.jl:70 [inlined]
  [7] macro expansion
    @ ~/.julia/dev/BeforeIT/src/precompile.jl:6 [inlined]
  [8] macro expansion
    @ ~/.julia/packages/PrecompileTools/QUxvR/src/workloads.jl:118 [inlined]
  [9] top-level scope
    @ ~/.julia/dev/BeforeIT/src/precompile.jl:115
 [10] include(mapexpr::Function, mod::Module, _path::String)
    @ Base ./Base.jl:307
 [11] top-level scope
    @ ~/.julia/dev/BeforeIT/src/BeforeIT.jl:71
 [12] include(mod::Module, _path::String)
    @ Base ./Base.jl:306
 [13] include_package_for_output(pkg::Base.PkgId, input::String, depot_path::Vector{String}, dl_load_path::Vector{String}, load_path::Vector{String}, concrete_deps::Vector{Pair{Base.PkgId, UInt128}}, source::Nothing)
    @ Base ./loading.jl:3028
 [14] top-level scope
    @ stdin:5
 [15] eval(m::Module, e::Any)
    @ Core ./boot.jl:489
 [16] include_string(mapexpr::typeof(identity), mod::Module, code::String, filename::String)
    @ Base ./loading.jl:2874
 [17] include_string
    @ ./loading.jl:2884 [inlined]
 [18] exec_options(opts::Base.JLOptions)
    @ Base ./client.jl:315
 [19] _start()
    @ Base ./client.jl:550
in expression starting at /home/bob/.julia/dev/BeforeIT/src/precompile.jl:3
in expression starting at /home/bob/.julia/dev/BeforeIT/src/BeforeIT.jl:1
in expression starting at stdin:5
BeforeIT → BeforeITFormat 

Failed to precompile BeforeITFormat [9da44f88-69b8-5676-aaba-5d324c6ee4e1] to "/home/bob/.julia/compiled/v1.12/BeforeITFormat/jl_hOXBba".
ERROR: LoadError: MethodError: no method matching BeforeIT.TaxRates(::Float64, ::Float64)
The type `BeforeIT.TaxRates` exists, but no method is defined for this combination of argument types when trying to construct it.

Closest candidates are:
  BeforeIT.TaxRates(::Float64, ::Float64, !Matched::Float64, !Matched::Float64, !Matched::Float64, !Matched::Float64)
   @ BeforeIT ~/.julia/dev/BeforeIT/src/resources/properties.jl:22
  BeforeIT.TaxRates(::Any, ::Any, !Matched::Any, !Matched::Any, !Matched::Any, !Matched::Any)
   @ BeforeIT ~/.julia/dev/BeforeIT/src/resources/properties.jl:22

Stacktrace:
  [1] setup_firms!(world::Ark.World{Tuple{Ark._ComponentStorage{BeforeIT.ResidualItems, Vector{BeforeIT.ResidualItems}}, Ark._ComponentStorage{BeforeIT.LendingRate, Vector{BeforeIT.LendingRate}}, Ark._ComponentStorage{BeforeIT.Banker, Vector{BeforeIT.Banker}}, Ark._ComponentStorage{BeforeIT.Bank, Vector{BeforeIT.Bank}}, Ark._ComponentStorage{BeforeIT.NominalInterestRate, Vector{BeforeIT.NominalInterestRate}}, Ark._ComponentStorage{BeforeIT.GovernmentBondInterestRate, Vector{BeforeIT.GovernmentBondInterestRate}}, Ark._ComponentStorage{BeforeIT.GradualAdjustmentRate, Vector{BeforeIT.GradualAdjustmentRate}}, Ark._ComponentStorage{BeforeIT.EquilibriumInterestRate, Vector{BeforeIT.EquilibriumInterestRate}}, Ark._ComponentStorage{BeforeIT.InflationTargetingWeight, Vector{BeforeIT.InflationTargetingWeight}}, Ark._ComponentStorage{BeforeIT.EconomicWeight, Vector{BeforeIT.EconomicWeight}}, Ark._ComponentStorage{BeforeIT.CentralBank, Vector{BeforeIT.CentralBank}}, Ark._ComponentStorage{BeforeIT.PrincipalProduct, Vector{BeforeIT.PrincipalProduct}}, Ark._ComponentStorage{BeforeIT.LaborProductivity, Vector{BeforeIT.LaborProductivity}}, Ark._ComponentStorage{BeforeIT.IntermediateProductivity, Vector{BeforeIT.IntermediateProductivity}}, Ark._ComponentStorage{BeforeIT.CapitalProductivity, Vector{BeforeIT.CapitalProductivity}}, Ark._ComponentStorage{BeforeIT.FirmProperties, Vector{BeforeIT.FirmProperties}}, Ark._ComponentStorage{BeforeIT.CapitalDeprecationRate, Vector{BeforeIT.CapitalDeprecationRate}}, Ark._ComponentStorage{BeforeIT.OperatingMargins, Vector{BeforeIT.OperatingMargins}}, Ark._ComponentStorage{BeforeIT.WageBill, Vector{BeforeIT.WageBill}}, Ark._ComponentStorage{BeforeIT.AverageWageRate, Vector{BeforeIT.AverageWageRate}}, Ark._ComponentStorage{@world(BeforeIT.TaxRates, 38944:39228), Vector{@world(BeforeIT.TaxRates, 38944:39228)}}, Ark._ComponentStorage{BeforeIT.Price, Vector{BeforeIT.Price}}, Ark._ComponentStorage{BeforeIT.PriceIndex, Vector{BeforeIT.PriceIndex}}, Ark._ComponentStorage{BeforeIT.CFPriceIndex, Vector{BeforeIT.CFPriceIndex}}, Ark._ComponentStorage{BeforeIT.Employment, Vector{BeforeIT.Employment}}, Ark._ComponentStorage{BeforeIT.Vacancies, Vector{BeforeIT.Vacancies}}, Ark._ComponentStorage{BeforeIT.DesiredEmployment, Vector{BeforeIT.DesiredEmployment}}, Ark._ComponentStorage{BeforeIT.Output, Vector{BeforeIT.Output}}, Ark._ComponentStorage{BeforeIT.Sales, Vector{BeforeIT.Sales}}, Ark._ComponentStorage{BeforeIT.GoodsDemand, Vector{BeforeIT.GoodsDemand}}, Ark._ComponentStorage{BeforeIT.Inventories, Vector{BeforeIT.Inventories}}, Ark._ComponentStorage{BeforeIT.Intermediates, Vector{BeforeIT.Intermediates}}, Ark._ComponentStorage{BeforeIT.Investment, Vector{BeforeIT.Investment}}, Ark._ComponentStorage{BeforeIT.Equity, Vector{BeforeIT.Equity}}, Ark._ComponentStorage{BeforeIT.FinalGoodsStockChange, Vector{BeforeIT.FinalGoodsStockChange}}, Ark._ComponentStorage{BeforeIT.MaterialsStockChange, Vector{BeforeIT.MaterialsStockChange}}, Ark._ComponentStorage{BeforeIT.TargetLoans, Vector{BeforeIT.TargetLoans}}, Ark._ComponentStorage{BeforeIT.ExpectedCapital, Vector{BeforeIT.ExpectedCapital}}, Ark._ComponentStorage{BeforeIT.ExpectedLoans, Vector{BeforeIT.ExpectedLoans}}, Ark._ComponentStorage{BeforeIT.ExpectedSales, Vector{BeforeIT.ExpectedSales}}, Ark._ComponentStorage{BeforeIT.DesiredInvestment, Vector{BeforeIT.DesiredInvestment}}, Ark._ComponentStorage{BeforeIT.DesiredMaterials, Vector{BeforeIT.DesiredMaterials}}, Ark._ComponentStorage{BeforeIT.Owner, Vector{BeforeIT.Owner}}, Ark._ComponentStorage{BeforeIT.Capitalist, Vector{BeforeIT.Capitalist}}, Ark._ComponentStorage{BeforeIT.Firm, Vector{BeforeIT.Firm}}, Ark._ComponentStorage{BeforeIT.GovernmentRevenues, Vector{BeforeIT.GovernmentRevenues}}, Ark._ComponentStorage{BeforeIT.SocialBenefitsInactive, Vector{BeforeIT.SocialBenefitsInactive}}, Ark._ComponentStorage{BeforeIT.SocialBenefitsOther, Vector{BeforeIT.SocialBenefitsOther}}, Ark._ComponentStorage{BeforeIT.PriceInflationGovernmentGoods, Vector{BeforeIT.PriceInflationGovernmentGoods}}, Ark._ComponentStorage{BeforeIT.GovernmentDebt, Vector{BeforeIT.GovernmentDebt}}, Ark._ComponentStorage{BeforeIT.ConsumptionDemand, Vector{BeforeIT.ConsumptionDemand}}, Ark._ComponentStorage{BeforeIT.LocalGovernment, Vector{BeforeIT.LocalGovernment}}, Ark._ComponentStorage{BeforeIT.Government, Vector{BeforeIT.Government}}, Ark._ComponentStorage{BeforeIT.NetDisposableIncome, Vector{BeforeIT.NetDisposableIncome}}, Ark._ComponentStorage{BeforeIT.ExpectedIncome, Vector{BeforeIT.ExpectedIncome}}, Ark._ComponentStorage{BeforeIT.Deposits, Vector{BeforeIT.Deposits}}, Ark._ComponentStorage{BeforeIT.CapitalStock, Vector{BeforeIT.CapitalStock}}, Ark._ComponentStorage{BeforeIT.ConsumptionBudget, Vector{BeforeIT.ConsumptionBudget}}, Ark._ComponentStorage{BeforeIT.InvestmentBudget, Vector{BeforeIT.InvestmentBudget}}, Ark._ComponentStorage{BeforeIT.RealisedConsumption, Vector{BeforeIT.RealisedConsumption}}, Ark._ComponentStorage{BeforeIT.RealisedInvestment, Vector{BeforeIT.RealisedInvestment}}, Ark._ComponentStorage{BeforeIT.Household, Vector{BeforeIT.Household}}, Ark._ComponentStorage{BeforeIT.LoansOutstanding, Vector{BeforeIT.LoansOutstanding}}, Ark._ComponentStorage{BeforeIT.LoanFlow, Vector{BeforeIT.LoanFlow}}, Ark._ComponentStorage{BeforeIT.Profits, Vector{BeforeIT.Profits}}, Ark._ComponentStorage{BeforeIT.ExpectedProfits, Vector{BeforeIT.ExpectedProfits}}, Ark._ComponentStorage{BeforeIT.EuroAreaGDP, Vector{BeforeIT.EuroAreaGDP}}, Ark._ComponentStorage{BeforeIT.EuroAreaGrowth, Vector{BeforeIT.EuroAreaGrowth}}, Ark._ComponentStorage{BeforeIT.EuroAreaInflation, Vector{BeforeIT.EuroAreaInflation}}, Ark._ComponentStorage{BeforeIT.NetForeignPosition, Vector{BeforeIT.NetForeignPosition}}, Ark._ComponentStorage{BeforeIT.ImportSupply, Vector{BeforeIT.ImportSupply}}, Ark._ComponentStorage{BeforeIT.TotalExportDemand, Vector{BeforeIT.TotalExportDemand}}, Ark._ComponentStorage{BeforeIT.TotalImportSupply, Vector{BeforeIT.TotalImportSupply}}, Ark._ComponentStorage{BeforeIT.ExportDemand, Vector{BeforeIT.ExportDemand}}, Ark._ComponentStorage{BeforeIT.ImportSales, Vector{BeforeIT.ImportSales}}, Ark._ComponentStorage{BeforeIT.ImportDemand, Vector{BeforeIT.ImportDemand}}, Ark._ComponentStorage{BeforeIT.ImportPrice, Vector{BeforeIT.ImportPrice}}, Ark._ComponentStorage{BeforeIT.ExportPriceInflation, Vector{BeforeIT.ExportPriceInflation}}, Ark._ComponentStorage{BeforeIT.ForeignSector, Vector{BeforeIT.ForeignSector}}, Ark._ComponentStorage{BeforeIT.ForeignConsumptionDemand, Vector{BeforeIT.ForeignConsumptionDemand}}, Ark._ComponentStorage{BeforeIT.ForeignConsumption, Vector{BeforeIT.ForeignConsumption}}, Ark._ComponentStorage{BeforeIT.RestOfWorldEntity, Vector{BeforeIT.RestOfWorldEntity}}, Ark._ComponentStorage{BeforeIT.RestOfWorld, Vector{BeforeIT.RestOfWorld}}, Ark._ComponentStorage{BeforeIT.Employed, Vector{BeforeIT.Employed}}, Ark._ComponentStorage{BeforeIT.EmployedAt, Vector{BeforeIT.EmployedAt}}, Ark._ComponentStorage{BeforeIT.Inactive, Vector{BeforeIT.Inactive}}, Ark._ComponentStorage{BeforeIT.Unemployed, Vector{BeforeIT.Unemployed}}}, Tuple{Type{BeforeIT.ResidualItems}, Type{BeforeIT.LendingRate}, Type{BeforeIT.Banker}, Type{BeforeIT.Bank}, Type{BeforeIT.NominalInterestRate}, Type{BeforeIT.GovernmentBondInterestRate}, Type{BeforeIT.GradualAdjustmentRate}, Type{BeforeIT.EquilibriumInterestRate}, Type{BeforeIT.InflationTargetingWeight}, Type{BeforeIT.EconomicWeight}, Type{BeforeIT.CentralBank}, Type{BeforeIT.PrincipalProduct}, Type{BeforeIT.LaborProductivity}, Type{BeforeIT.IntermediateProductivity}, Type{BeforeIT.CapitalProductivity}, Type{BeforeIT.FirmProperties}, Type{BeforeIT.CapitalDeprecationRate}, Type{BeforeIT.OperatingMargins}, Type{BeforeIT.WageBill}, Type{BeforeIT.AverageWageRate}, Type{@world(BeforeIT.TaxRates, 38944:39228)}, Type{BeforeIT.Price}, Type{BeforeIT.PriceIndex}, Type{BeforeIT.CFPriceIndex}, Type{BeforeIT.Employment}, Type{BeforeIT.Vacancies}, Type{BeforeIT.DesiredEmployment}, Type{BeforeIT.Output}, Type{BeforeIT.Sales}, Type{BeforeIT.GoodsDemand}, Type{BeforeIT.Inventories}, Type{BeforeIT.Intermediates}, Type{BeforeIT.Investment}, Type{BeforeIT.Equity}, Type{BeforeIT.FinalGoodsStockChange}, Type{BeforeIT.MaterialsStockChange}, Type{BeforeIT.TargetLoans}, Type{BeforeIT.ExpectedCapital}, Type{BeforeIT.ExpectedLoans}, Type{BeforeIT.ExpectedSales}, Type{BeforeIT.DesiredInvestment}, Type{BeforeIT.DesiredMaterials}, Type{BeforeIT.Owner}, Type{BeforeIT.Capitalist}, Type{BeforeIT.Firm}, Type{BeforeIT.GovernmentRevenues}, Type{BeforeIT.SocialBenefitsInactive}, Type{BeforeIT.SocialBenefitsOther}, Type{BeforeIT.PriceInflationGovernmentGoods}, Type{BeforeIT.GovernmentDebt}, Type{BeforeIT.ConsumptionDemand}, Type{BeforeIT.LocalGovernment}, Type{BeforeIT.Government}, Type{BeforeIT.NetDisposableIncome}, Type{BeforeIT.ExpectedIncome}, Type{BeforeIT.Deposits}, Type{BeforeIT.CapitalStock}, Type{BeforeIT.ConsumptionBudget}, Type{BeforeIT.InvestmentBudget}, Type{BeforeIT.RealisedConsumption}, Type{BeforeIT.RealisedInvestment}, Type{BeforeIT.Household}, Type{BeforeIT.LoansOutstanding}, Type{BeforeIT.LoanFlow}, Type{BeforeIT.Profits}, Type{BeforeIT.ExpectedProfits}, Type{BeforeIT.EuroAreaGDP}, Type{BeforeIT.EuroAreaGrowth}, Type{BeforeIT.EuroAreaInflation}, Type{BeforeIT.NetForeignPosition}, Type{BeforeIT.ImportSupply}, Type{BeforeIT.TotalExportDemand}, Type{BeforeIT.TotalImportSupply}, Type{BeforeIT.ExportDemand}, Type{BeforeIT.ImportSales}, Type{BeforeIT.ImportDemand}, Type{BeforeIT.ImportPrice}, Type{BeforeIT.ExportPriceInflation}, Type{BeforeIT.ForeignSector}, Type{BeforeIT.ForeignConsumptionDemand}, Type{BeforeIT.ForeignConsumption}, Type{BeforeIT.RestOfWorldEntity}, Type{BeforeIT.RestOfWorld}, Type{BeforeIT.Employed}, Type{BeforeIT.EmployedAt}, Type{BeforeIT.Inactive}, Type{BeforeIT.Unemployed}}, NTuple{87, Ark.Storage{Vector}}, 87, 2}, properties::BeforeIT.Properties)
    @ BeforeIT ~/.julia/dev/BeforeIT/src/model_init/firms.jl:80
  [2] BeforeIT.ECSModel(properties::BeforeIT.Properties)
    @ BeforeIT ~/.julia/dev/BeforeIT/src/model_init/init_model.jl:19
  [3] ECSModel
    @ ~/.julia/dev/BeforeIT/src/model_init/init_model.jl:9 [inlined]
  [4] BeforeIT.ECSModel(parameters::Dict{String, Any}, init_conditions::BeforeIT.InitialConditions)
    @ BeforeIT ~/.julia/dev/BeforeIT/src/model_init/init_model.jl:13
  [5] macro expansion
    @ ~/.julia/dev/BeforeIT/src/precompile.jl:7 [inlined]
  [6] macro expansion
    @ ~/.julia/packages/PrecompileTools/QUxvR/src/workloads.jl:70 [inlined]
  [7] macro expansion
    @ ~/.julia/dev/BeforeIT/src/precompile.jl:6 [inlined]
  [8] macro expansion
    @ ~/.julia/packages/PrecompileTools/QUxvR/src/workloads.jl:118 [inlined]
  [9] top-level scope
    @ ~/.julia/dev/BeforeIT/src/precompile.jl:115
 [10] include(mapexpr::Function, mod::Module, _path::String)
    @ Base ./Base.jl:307
 [11] top-level scope
    @ ~/.julia/dev/BeforeIT/src/BeforeIT.jl:71
 [12] include(mod::Module, _path::String)
    @ Base ./Base.jl:306
 [13] include_package_for_output(pkg::Base.PkgId, input::String, depot_path::Vector{String}, dl_load_path::Vector{String}, load_path::Vector{String}, concrete_deps::Vector{Pair{Base.PkgId, UInt128}}, source::String)
    @ Base ./loading.jl:3028
 [14] top-level scope
    @ stdin:5
 [15] eval(m::Module, e::Any)
    @ Core ./boot.jl:489
 [16] include_string(mapexpr::typeof(identity), mod::Module, code::String, filename::String)
    @ Base ./loading.jl:2874
 [17] include_string
    @ ./loading.jl:2884 [inlined]
 [18] exec_options(opts::Base.JLOptions)
    @ Base ./client.jl:315
 [19] _start()
    @ Base ./client.jl:550
in expression starting at /home/bob/.julia/dev/BeforeIT/src/precompile.jl:3
in expression starting at /home/bob/.julia/dev/BeforeIT/src/BeforeIT.jl:1
in expression starting at stdin:5
ERROR: LoadError: Failed to precompile BeforeIT [ca9fcad7-41d0-4f76-b1e5-366c28bce52e] to "/home/bob/.julia/compiled/v1.12/BeforeIT/jl_D6Wtzi".
Stacktrace:
  [1] error(s::String)
    @ Base ./error.jl:44
  [2] compilecache(pkg::Base.PkgId, path::String, internal_stderr::IO, internal_stdout::IO, keep_loaded_modules::Bool; flags::Cmd, cacheflags::Base.CacheFlags, reasons::Dict{String, Int64}, loadable_exts::Nothing)
    @ Base ./loading.jl:3315
  [3] (::Base.var"#__require_prelocked##0#__require_prelocked##1"{Base.PkgId, String, Dict{String, Int64}})()
    @ Base ./loading.jl:2683
  [4] mkpidlock(f::Base.var"#__require_prelocked##0#__require_prelocked##1"{Base.PkgId, String, Dict{String, Int64}}, at::String, pid::Int32; kwopts::@Kwargs{stale_age::Int64, wait::Bool})
    @ FileWatching.Pidfile ~/.julia/juliaup/julia-1.12.6+0.x64.linux.gnu/share/julia/stdlib/v1.12/FileWatching/src/pidfile.jl:96
  [5] #mkpidlock#7
    @ ~/.julia/juliaup/julia-1.12.6+0.x64.linux.gnu/share/julia/stdlib/v1.12/FileWatching/src/pidfile.jl:91 [inlined]
  [6] trymkpidlock(::Function, ::Vararg{Any}; kwargs::@Kwargs{stale_age::Int64})
    @ FileWatching.Pidfile ~/.julia/juliaup/julia-1.12.6+0.x64.linux.gnu/share/julia/stdlib/v1.12/FileWatching/src/pidfile.jl:117
  [7] #invokelatest_gr#232
    @ ./reflection.jl:1297 [inlined]
  [8] invokelatest_gr
    @ ./reflection.jl:1289 [inlined]
  [9] maybe_cachefile_lock(f::Base.var"#__require_prelocked##0#__require_prelocked##1"{Base.PkgId, String, Dict{String, Int64}}, pkg::Base.PkgId, srcpath::String; stale_age::Int64)
    @ Base ./loading.jl:3886
 [10] maybe_cachefile_lock
    @ ./loading.jl:3883 [inlined]
 [11] __require_prelocked(pkg::Base.PkgId, env::String)
    @ Base ./loading.jl:2669
 [12] _require_prelocked(uuidkey::Base.PkgId, env::String)
    @ Base ./loading.jl:2495
 [13] macro expansion
    @ ./loading.jl:2423 [inlined]
 [14] macro expansion
    @ ./lock.jl:376 [inlined]
 [15] __require(into::Module, mod::Symbol)
    @ Base ./loading.jl:2388
 [16] require(into::Module, mod::Symbol)
    @ Base ./loading.jl:2364
 [17] top-level scope
    @ ~/.julia/dev/BeforeIT/ext/BeforeITFormat/BeforeITFormat.jl:3
 [18] include(mod::Module, _path::String)
    @ Base ./Base.jl:306
 [19] include_package_for_output(pkg::Base.PkgId, input::String, depot_path::Vector{String}, dl_load_path::Vector{String}, load_path::Vector{String}, concrete_deps::Vector{Pair{Base.PkgId, UInt128}}, source::Nothing)
    @ Base ./loading.jl:3028
 [20] top-level scope
    @ stdin:5
 [21] eval(m::Module, e::Any)
    @ Core ./boot.jl:489
 [22] include_string(mapexpr::typeof(identity), mod::Module, code::String, filename::String)
    @ Base ./loading.jl:2874
 [23] include_string
    @ ./loading.jl:2884 [inlined]
 [24] exec_options(opts::Base.JLOptions)
    @ Base ./client.jl:315
 [25] _start()
    @ Base ./client.jl:550
in expression starting at /home/bob/.julia/dev/BeforeIT/ext/BeforeITFormat/BeforeITFormat.jl:1
in expression starting at stdin:5
in expression starting at /home/bob/.julia/dev/BeforeIT/test/runtests.jl:5
